BL51 BANKED LINKER/LOCATER V6.22                                                        12/16/2016  17:37:09  PAGE 1


BL51 BANKED LINKER/LOCATER V6.22, INVOKED BY:
D:\KEIL_V5\C51\BIN\BL51.EXE .\Objects\STARTUP.obj, .\Objects\traffic light.obj TO .\Objects\traffic light PRINT (.\Listi
>> ngs\traffic light.m51)


INPUT MODULES INCLUDED:
  .\Objects\STARTUP.obj (?C_STARTUP)
  .\Objects\traffic light.obj (TRAFFIC_LIGHT)


LINK MAP OF MODULE:  .\Objects\traffic light (?C_STARTUP)


            TYPE    BASE      LENGTH    RELOCATION   SEGMENT NAME
            -----------------------------------------------------

            * * * * * * *   D A T A   M E M O R Y   * * * * * * *
            REG     0000H     0008H     ABSOLUTE     "REG BANK 0"
            IDATA   0008H     0001H     UNIT         ?STACK

            * * * * * * *   C O D E   M E M O R Y   * * * * * * *
            CODE    0000H     0003H     ABSOLUTE     
* OVERLAP * CODE    0000H     00C3H     ABSOLUTE     
                    00C3H     073DH                  *** GAP ***
            CODE    0800H     000CH     UNIT         ?C_C51STARTUP



UNRESOLVED EXTERNAL SYMBOLS:
   ?C_START



SYMBOL TABLE OF MODULE:  .\Objects\traffic light (?C_STARTUP)

  VALUE           TYPE          NAME
  ----------------------------------

  -------         MODULE        ?C_STARTUP
  C:0800H         SEGMENT       ?C_C51STARTUP
  I:0008H         SEGMENT       ?STACK
  C:0000H         PUBLIC        ?C_STARTUP
  D:00E0H         SYMBOL        ACC
  D:00F0H         SYMBOL        B
  D:0083H         SYMBOL        DPH
  D:0082H         SYMBOL        DPL
  N:0000H         SYMBOL        IBPSTACK
  N:0100H         SYMBOL        IBPSTACKTOP
  N:0080H         SYMBOL        IDATALEN
  C:0803H         SYMBOL        IDATALOOP
  N:0000H         SYMBOL        PBPSTACK
  N:0100H         SYMBOL        PBPSTACKTOP
  N:0000H         SYMBOL        PDATALEN
  N:0000H         SYMBOL        PDATASTART
  N:0000H         SYMBOL        PPAGE
  N:0000H         SYMBOL        PPAGEENABLE
  D:00A0H         SYMBOL        PPAGE_SFR
  D:0081H         SYMBOL        SP
BL51 BANKED LINKER/LOCATER V6.22                                                      12/16/2016  17:37:09  PAGE 2


  C:0800H         SYMBOL        STARTUP1
  N:0000H         SYMBOL        XBPSTACK
  N:0000H         SYMBOL        XBPSTACKTOP
  N:0000H         SYMBOL        XDATALEN
  N:0000H         SYMBOL        XDATASTART
  C:0000H         LINE#         126
  C:0800H         LINE#         133
  C:0802H         LINE#         134
  C:0803H         LINE#         135
  C:0804H         LINE#         136
  C:0806H         LINE#         185
  C:0809H         LINE#         196
  -------         ENDMOD        ?C_STARTUP

  -------         MODULE        TRAFFIC_LIGHT
  D:00F0H         SYMBOL        B
  C:00ACH         SYMBOL        DELAY
  N:005AH         SYMBOL        GREEN
  C:00B9H         SYMBOL        LOOP0
  C:00B7H         SYMBOL        LOOP1
  C:00B5H         SYMBOL        LOOP2
  C:00ACH         SYMBOL        LOOP3
  C:0000H         SYMBOL        MAIN_LOOP
  D:0080H         SYMBOL        P0
  D:0090H         SYMBOL        P1
  D:00A0H         SYMBOL        P2
  D:00B0H         SYMBOL        P3
  N:0063H         SYMBOL        RED
  C:0081H         SYMBOL        SEG_DISPLAY
  N:0009H         SYMBOL        YELLOW
  C:0000H         LINE#         16
  C:0002H         LINE#         17
  C:0004H         LINE#         18
  C:0006H         LINE#         20
  C:0008H         LINE#         21
  C:000AH         LINE#         22
  C:000CH         LINE#         23
  C:000EH         LINE#         24
  C:0010H         LINE#         25
  C:0012H         LINE#         26
  C:0014H         LINE#         27
  C:0017H         LINE#         28
  C:0019H         LINE#         30
  C:001BH         LINE#         31
  C:001DH         LINE#         32
  C:001FH         LINE#         33
  C:0021H         LINE#         34
  C:0023H         LINE#         35
  C:0025H         LINE#         36
  C:0027H         LINE#         37
  C:002AH         LINE#         39
  C:002CH         LINE#         40
  C:002EH         LINE#         41
  C:0030H         LINE#         43
  C:0032H         LINE#         44
  C:0034H         LINE#         45
  C:0036H         LINE#         46
BL51 BANKED LINKER/LOCATER V6.22                                                      12/16/2016  17:37:09  PAGE 3


  C:0038H         LINE#         47
  C:003AH         LINE#         48
  C:003CH         LINE#         49
  C:003EH         LINE#         50
  C:0041H         LINE#         51
  C:0043H         LINE#         53
  C:0045H         LINE#         54
  C:0047H         LINE#         55
  C:0049H         LINE#         56
  C:004BH         LINE#         57
  C:004DH         LINE#         58
  C:004FH         LINE#         59
  C:0051H         LINE#         60
  C:0054H         LINE#         62
  C:0056H         LINE#         63
  C:0058H         LINE#         64
  C:005AH         LINE#         66
  C:005CH         LINE#         67
  C:005EH         LINE#         68
  C:0060H         LINE#         69
  C:0062H         LINE#         70
  C:0064H         LINE#         71
  C:0066H         LINE#         72
  C:0068H         LINE#         73
  C:006BH         LINE#         74
  C:006DH         LINE#         76
  C:006FH         LINE#         77
  C:0071H         LINE#         78
  C:0073H         LINE#         79
  C:0075H         LINE#         80
  C:0077H         LINE#         81
  C:0079H         LINE#         82
  C:007BH         LINE#         83
  C:007EH         LINE#         85
  C:0081H         LINE#         93
  C:0082H         LINE#         94
  C:0083H         LINE#         95
  C:0086H         LINE#         96
  C:0087H         LINE#         97
  C:0088H         LINE#         98
  C:0089H         LINE#         99
  C:008AH         LINE#         100
  C:008BH         LINE#         101
  C:008DH         LINE#         102
  C:008FH         LINE#         104
  C:0090H         LINE#         105
  C:0091H         LINE#         106
  C:0094H         LINE#         107
  C:0095H         LINE#         108
  C:0096H         LINE#         109
  C:0097H         LINE#         110
  C:0098H         LINE#         111
  C:0099H         LINE#         112
  C:009BH         LINE#         113
  C:009DH         LINE#         115
  C:009EH         LINE#         116
  C:009FH         LINE#         117
BL51 BANKED LINKER/LOCATER V6.22                                                      12/16/2016  17:37:09  PAGE 4


  C:00A2H         LINE#         118
  C:00A3H         LINE#         119
  C:00A4H         LINE#         120
  C:00A5H         LINE#         121
  C:00A6H         LINE#         122
  C:00A7H         LINE#         123
  C:00A9H         LINE#         124
  C:00ABH         LINE#         125
  C:00ACH         LINE#         132
  C:00AFH         LINE#         133
  C:00B0H         LINE#         134
  C:00B1H         LINE#         135
  C:00B2H         LINE#         136
  C:00B3H         LINE#         137
  C:00B5H         LINE#         139
  C:00B7H         LINE#         141
  C:00B9H         LINE#         143
  C:00BBH         LINE#         144
  C:00BDH         LINE#         145
  C:00BFH         LINE#         146
  C:00C2H         LINE#         147
  -------         ENDMOD        TRAFFIC_LIGHT

*** WARNING L5: CODE SPACE MEMORY OVERLAP
    FROM:    0000H
    TO:      0002H

*** WARNING L1: UNRESOLVED EXTERNAL SYMBOL
    SYMBOL:  ?C_START
    MODULE:  .\Objects\STARTUP.obj (?C_STARTUP)

*** WARNING L2: REFERENCE MADE TO UNRESOLVED EXTERNAL
    SYMBOL:  ?C_START
    MODULE:  .\Objects\STARTUP.obj (?C_STARTUP)
    ADDRESS: 080AH

******************************************************************************
* RESTRICTED VERSION WITH 0800H BYTE CODE SIZE LIMIT; USED: 00D2H BYTE (10%) *
******************************************************************************

Program Size: data=9.0 xdata=0 code=210
LINK/LOCATE RUN COMPLETE.  3 WARNING(S),  0 ERROR(S)
